<FD name="공통 이모티콘" type="editable">
	<FD name="명언시구">
		<TM name="처음부터 위대한 사람은 없습니다." content="처음부터 위대한 사람은 없습니다, 위대한 생각이 위대한 사람을 만듭니다♬"/>
		<TM name="**필연**" content="수많은중에유독,하나를알게된다는것은우연이아니라,태어나면서부터받아든약속이다"/>
                <TM name="**행복이란?" content="행복이란?사랑하는사람과함께지내는것,사랑하는사람을위해무엇인가를할수있는것♥♥"/>
		<TM name="..^^:;" content="이몸이한가하여공부나하려니무식이태산이요지식이티끌이라짜증이나니잠이나잘까하노라"/>
                <TM name="&lt;&lt;아름다운사랑&gt;&gt;" content="운명처럼다가와꿈결처럼감미롭게진행되다가영화처럼아름답게끝을맺는우리사랑이되길,,"/>
		<TM name="&quot;카스트로폴로스&quot;" content="&quot;카스트로폴로스&quot;&br;행복해지는주문이래~*니가언제나행복하길..○○가&br;바랄께~♡"/>
		<TM name="☆좋은글☆" content="따사로운아침햇살에당신을보며미소짓는아침입니다.오늘도당신에게행복만가득하길~♡"/>
		<TM name="☆행복이란☆" content="행복이란..생각하기에따라그크기가달라진데요행복한생각이가득한오늘하루되세요..*^^*"/>
                <TM name="♡사랑의 명언♡" content="♡사랑의 명언♡&br;헌신이야말로 사랑의 연습이다. 헌신에 의해 사랑은 자란다."/>
		<TM name="♥우정의 색♥" content="사랑은핑크빛이라변하기쉽고순결은흰색이라더러워지기쉽지만우정은무색이라영원하다♥"/>
		<TM name="가슴이아파와" content="그립다는것은그저가슴한쪽이비어온다는것당신이내게차면찰수록가슴한쪽은점점더비네요"/>
                <TM name="같은생일" content="당신생일은제생일도됩니다.왜냐면당신이이세상에태어났기때문에제가태어낳으니깐요.."/>
		<TM name="거울과 나침반" content="난당신께거울처럼닮아가는사람보단나침반처럼방향을일러주는존경할만한사람이될께요♡"/>
		<TM name="고통" content="사랑을하면고통이따르게됩니다하지만당신덕에따르는고통이라면고통마저사랑하겠습니다"/>
		<TM name="관대.." content="관대는 정의의 꽃이다.&br; &nbsp; &nbsp;by 호슨"/>
		<TM name="교만과야망" content="스스로남보다뛰어나다고믿는것은교만이나남보다뛰어날수있을것이라고믿는것은야망이다"/>
		<TM name="국화꽃 항기" content="내사랑은움직일수없습니다..왜냐하면당신에게만뿌리를박고살수있는한그루의나무니까요"/>
		<TM name="그대" content="보고있어도보고싶은그대나없이도행복하게살것같은사람또한그대입니다"/>
		<TM name="그리움!!!!!" content="언제나내가생각하는사람은그대이고언제나내가그리워하는사람도그대입니다♣"/>
		<TM name="그리움의사랑" content="B612별의반짝임이그리움으로다가오는건어린왕자를향한장미한송이의사랑이겠지요..♡"/>
		<TM name="그림자" content="그대위하여..작은것하나해줄수없다해도그대곁을떠나지않고지켜줄수있는그림자이고싶다"/>
		<TM name="기억해줄래?" content="먼훗날우리가죽음앞에서너와의만남을가장행복해하는너를위해기도하는내가있음을기억해"/>
		<TM name="기적같은 사랑" content="애벌레가나비로변하는기적처럼내가그대의애인으로변해가는모습을그대와나누고싶어요"/>
		<TM name="꽃을줄께~너에게" content="장미의꽃말은사랑백합의꽃말은죽음이두꽃은당신게드립니다.죽도록사랑하기에..."/>
		<TM name="나는 당신을 통해...." content="난당신을통해모든사람을사랑하고당신을통해세계를사랑하고당신을통해나자신도사랑한다"/>
		<TM name="나는세상의빛이니" content="나는세상의빛이니나를따르는자는어두움에다니지않고생명의빛을얻으리라!샬롬!사랑해요"/>
		<TM name="나의목표는?" content="꿈이없는삶은 목표를 잃은 미사일과 같습니다.꿈은사람을 바꾸는 근본적인 힘입니다."/>
		<TM name="나이에맞는삶의방식.." content="어려서겸손하라&br;젊어서온화하라&br;장년에공정하라&br;늙어서는신중하라&br;-소크라테스-"/>
		<TM name="남을 판단하는 사람아!" content="남을판단하는사람아!남을판단하는것으로네가너를정죄함이니판단하는네가같은일을행함"/>
                <TM name="내가당신에게..." content="눈에보이지는않지만모든바닷물에하얀소금이있듯이당신마음속에항상내가있었으면해여^^"/>
	</FD>			
	<FD name="사랑우정">		
		<TM name="시어처럼" content="너를사랑한단말아주작게속삭여도내귀엔파도보다크게들렸으면좋겠습니다,사랑합니다"/>
		<TM name="우슴배달.,." content=".*\&quot;&quot;\&quot;&quot;\&quot;&quot;\*.&br;* + s▶◀s + *&br;*♡S(^ㅡ^)S♡*&br;*┏w━━━w┓*&br; ┸웃음배달┸"/>
		<TM name="(＾ε＾)" content="(つ＾з＾)つ일롸내가안아줄께♡&br;s(ごoご)グ힘들땐항상내가옆에있어줄께s(＾ε＾)"/>
		<TM name="**영원한사랑**" content="그대의맑은눈동자깨끗한마음씨가좋았습니다우연에서맺는그날까지영원토록보존하렵니다"/>
                <TM name="*ILOVEYOU!*" content=" &nbsp; &nbsp;△___△~♬ &br;♬~ &equ;◑.◐&equ; ♪ &br; .*m&quot;&quot;*.*&quot;&quot;m*. &br; &nbsp;*ILOVEYOU!* &br; &nbsp; &quot;&quot;*. .*&quot;&quot;"/>
		<TM name="^^" content="우리여보야내가많이힘들게해서속상했지?미얀^^근데우리여보야..내가많이사랑해~"/>
		<TM name="^^널좋아해" content="♡━┳━┓&br;┃널┃좋┃&br;┗━╋━╋━┓&br; &nbsp; &nbsp;┃아┃해┃&br; &nbsp; &nbsp;┗━┻━♡"/>
		<TM name="+아이스크림+" content=" &nbsp;☆ &nbsp; +시원한+&br; (__) &nbsp;+아이스+&br;(_++_) +-크림-+&br; :::: &nbsp;너만먹어&br; &nbsp;∀ &nbsp;"/>
                <TM name="&lt;&lt;당신은여왕&gt;&gt;" content=" .+`'+.♤.+`'+.&br;&quot;&quot;+ (つ^.^) &nbsp;+&quot;&quot;&br; &nbsp;&quot;&quot;+..☆..+&quot;&quot;&br;▦0━&gt;♡&lt;━0▦&br;((당신은여왕))"/>
		<TM name="◑행복이란?◐" content="행복이란?생각하기에따라그크기가달라진데.......■■■■■■90% 행복전송중..."/>
		<TM name="☆좋은꿈꿔☆" content=" &slsh;)&slsh;)★ &nbsp;&slsh;)&slsh;) &br;(*..) ＼(..*) &br;o(u ) &nbsp; (&slsh;&slsh; ) &br;*:*:*:*:*:*:*:*: &br;☆좋은꿈꿔☆"/>
		<TM name="★ 너였으면해~" content="★ 너였으면해...내가모든걸잊고헤매일때나를붙들어줄수있는그사람이너였으면해..."/>
		<TM name="★ 마음으로약속 ★" content="함께하는시간이적어서&lt;오빠랑나&gt;결혼을생각했어요.서로를위하는맘!맘으로약속했어요♬"/>
		<TM name="★행복한하루^^★" content="햇님이당신과나를향해밝게웃고있는아침입니다당신도햇님처럼밝게웃을수있는하루이길♡"/>
		<TM name="♡사랑고백♡" content="부탁인데.. &nbsp;지금거울좀볼래??이건비밀인데..거울에비친사람내가좋아하는사람이야^^"/>
		<TM name="♡사랑이란?♡" content="♡사랑이란?♡ &br;(@ --) 듣고싶구 c&lt;--)만지구싶구 (&gt;.&lt;)느끼구싶구 (@.@)보싶은것!"/>
                <TM name="♥나는 네가 있어서..♥" content="하늘은구름이있어서행복하고땅은풀이있어서행복하대나는네가있어서행복하다친구야♡♡"/>
		<TM name="같이 있어 행복해^^" content=" &nbsp;s▶◀s &nbsp;&slsh;&slsh;&slsh;!!!&br; S(*^.^) &nbsp;(^-^*)&br;★ㅇ-ㅇ--ㅇ-ㅇ★&br;&br;☆----♡♡----☆"/>
		<TM name="고백#1" content="사랑하는일만이내사랑의전부가아니었음을..사랑받고픈욕망또한내사랑의절반이었음을.."/>
		<TM name="고백#2" content="그대의아픔을함께할수있는수많은손들중에그대지친어깰토닥거려줄내거친손하나있었음을"/>
                <TM name="고백#3" content="그대의사랑받지못더라도자신이가진사랑온전히다전하지못함을늘염려하는한사람있었음을"/>
		<TM name="귀여운글" content="▣ㅏㄴㅣ*2 ♡&br;ㅅㅅㅏ ⊙ㅏㅗ&br; &nbsp; &nbsp;z &nbsp; ㅇ ⊙ㅐ&br;ㄴㅐ▣ㅏ⊙ㅏㅈㅣ&br; &nbsp; &nbsp; ■ &nbsp; z"/>
		<TM name="귀여운문자" content="(つ＾з＾)つ일롸내가안아줄께♡&br;s(ごoご)グ힘들땐항상내가옆에있어줄께s(＾ε＾)"/>
		<TM name="그대를향한내사랑..." content="하늘에서뿌려지는&br;빗방울을헤아릴수없듯이,그대를향한내사랑도이루말할수없습니다."/>
		<TM name="그대의미소" content="비가오구난후에세상이아름다운거처럼그대의미소두아름답게웃으면서하루를보내길...♥"/>
		<TM name="그렇게사랑할께.." content="새벽이슬은햇빛에사라지지만이슬을머금은나무는항상그자리를지킬꺼야그렇게사랑할께^^"/>
		<TM name="기도" content="당신을알고부터난하루도거르지않고기도를하게되었습니다당신과영원히사랑하게해달라고"/>
		<TM name="기분좋은사람" content="곁에있기만해도기분좋은사람눈빛만봐도편해지는 사람 행복을주는사람 바로당신..."/>
                <TM name="기억해줄래?" content="소라는 처음 듣는말을 평생 기억한데.. 내가 사랑한다고 말하면 평생기억해줄래?"/>
		<TM name="긴급속보" content=" &nbsp;【긴급속보】&br;천국에서인원점&br;검한데~ 천사가한명사라졌다네&br;..... 빨리숨어라"/>
	</FD>	
	<FD name="새해설날">
		<TM name="좋은새해" content=" &nbsp; .*''*. &nbsp;:◎:&br; &nbsp;'* ♥ *' &nbsp;''&br;☆ '*''*' ☆&br; &nbsp; ▶ㅣ◀ &nbsp;좋은&br;^&quot;&quot;^&quot;&quot;^&quot;&quot;^&quot;&quot;^&quot;&quot;새해~"/>
		<TM name="자 새해 용돈이다" content="┏━━━┓☜&equ;&br;┃1000원┃맘껏&br;┗━━━┛ 써~&br;ㅈ┣! 요돈○ㅣ야&br; &nbsp; &nbsp; &nbsp;●"/>
		<TM name="새해복 많이 받으세요" content="あけまして&br;おめでとう&br;ございま~す"/>
		<TM name="새해..복돼지^^" content=" &nbsp; &lt;)^. &nbsp;.^(&gt; ☆&br; &nbsp;(\&quot;&quot;(00)\&quot;&quot;)☆ &nbsp;____V____V____☆-새해福돼지-☆"/>
		<TM name="좋은일만생기길" content=" [&slsh;&slsh;&slsh;] :-(&slsh;:&slsh;)-: (^ ^) &nbsp; (. .)&br;([[%]]) ([%]%])&br;새해엔좋은일만생기길바래~!!♡"/>
                <TM name="복마니받으세여" content="&slsh;&slsh;＼ &nbsp; &nbsp; &nbsp;@@@ &br;(^^) &nbsp;&slsh;&slsh;&slsh; (^^)&br;☞☜ (__) ☞☜&br;| :| ☞☜ | :|&br;새해복받으세요"/>
                <TM name="한턱쏴" content="(^0^) 너 혹시?&br;새배돈받았냐?&br;그렇다면!&br; &nbsp;♣♣♣ 한턱쏴~&br;ㄱ(-0-)ㄱ한턱쏴~"/>
		<TM name="복주머니..!!" content=" &nbsp; &nbsp;＼ㅣ&slsh;&br; &nbsp;.*&quot;&quot;★&quot;&quot;*.&br; &nbsp;( ♡복♡ )&br; &nbsp;&quot;&quot;*.__.*&quot;&quot;&br;새해복 마니 받아요"/>
                <TM name="최고의 해가 되시길.." content="♥복 많이받꾸~♥&br;올 한해는 당신&br;만의 최고의 해&br;가 되시길 소망&br;합니당~♥"/>
		<TM name="운수대통!!" content=" ★★★★★★★&br; 가는해잡지말고&br; 오는해바로잡자&br; ★★★★★★★&br;새해에도운수대통"/>
		<TM name="갈비세트!!" content=" (::)&equ;3 &nbsp;V⊙⊙V&br; (::)&equ;3 &nbsp; (● )&br;*-*-*-*-m*-m-*&br;설날맞이갈비세트&br;★☆+:. .:+"/>
		<TM name="새해 복!!" content="새해 복 많이 받으세요~♡♡&br; .. ▶◀&br;(__)(__)&br;☞☜☞☜~꾸벅&br;둥이.. *^^*"/>
		<TM name="새해 복 많이 받으세여.." content="*&lt;&gt;((( )))&lt;&gt;*@&br; &nbsp;d☎ &nbsp;☎b &slsh;&slsh;&br; (&quot;&quot; ▼ &quot;&quot;)&slsh;&slsh;&br;새해 복 많이 받으세여~♡"/>
		<TM name="복많이받으세요" content=" ,,, &nbsp; &nbsp; &nbsp; ,,&br;(^^) &nbsp;,,, (^^) &nbsp;☞☜ (__) ☞☜ &br;| :| ☞☜ | :|&br;복많이받으세요"/>
                <TM name="광.. 복! 받으세요.." content="┏━━┓&br;┃ ○ ┃팔광&br;┣━━┫항상&br;┃ 光 ┃행복&br;┗━━┛하세요&br;새해엔운수대통!"/>
		<TM name="부자되세요!!" content="여러븐~&br;부~~자 되셔요~&br; &nbsp; &nbsp;(((( )))) &nbsp; &br; &nbsp; &nbsp;|^. &nbsp; .^|&br; ＼( ( &nbsp; &nbsp;) )&slsh;"/>
		<TM name="소망있네.." content="(^^) 나는 자네가삼월엔 모든 일이술술 좀 풀렸으면하는소~망이있네!♣"/>
		<TM name="새해인사" content=" ●&br;~~~~새해가오네&br;2006년도 아주뜻깊은한해가 되길..&br;Happy NewYear &"/>
                <TM name="복많이받아라~" content=" &nbsp; &nbsp;＼│／ &nbsp;&br; &nbsp;.*&quot;&quot;☆&quot;&quot;*. &br; &nbsp;( ♡복♡ ) &br; &nbsp;&quot;&quot;*.__.*&quot;&quot;&br;행운을주는주머니"/>
		<TM name="새해가 밝아온다~" content=" &nbsp;ㅣ メ メ&br;ㅡ○ㅡ メ&br; &nbsp;ㅣ メ メ&br;~~~~~~&br;새해가밝아온다&br;복많이받아~&br;&br;Happy NewYear"/>
		<TM name="복입니다~" content="새해에도~♡ &br;♡ ♡┣┫ ♡ ♡&br; &nbsp;♡ ┗┛♡ ♡&br;♡ ♡ ┻♡마니 &br; ♡ &nbsp; ┓♡받아~"/>
		<TM name="새해복많이받아요~" content=" &nbsp;● &nbsp;メ &nbsp; &nbsp;メ&br; &nbsp; &nbsp; &nbsp;メ&br; &nbsp;メ &nbsp; &nbsp;メ&br;~~~~ ~~~ ~~~~&br;새해복많이받아여"/>
		<TM name="새해(福)많이~" content="^福^ &nbsp; ^福^&br; &nbsp; &nbsp; ● &nbsp; ^福^&br; ~~~~~~~~~~&br;2◐◐6년 행복한 한해 되길^^"/>
		<TM name="사랑이영원히" content="사랑이영원히계속되는그곳에서내게새로운세계를열어준그대에게감사드려요-사랑합니다-"/>
                <TM name="해피뉴~" content="┌&quot;ⓗⓐⓟⓟⓨ&quot;┐&br;☆*&quot;ⓝ&quot;ⓔ&quot;ⓦ&quot;*☆&br;└&quot;*ⓨⓔⓐⓡ*&quot;┘&br;*^0^*새해복많이받으세요~"/>
		<TM name="화창한 한주..." content="＼ | &slsh; &nbsp;Have A &br;ㅡ(^^)ㅡ Nice &br; &slsh; | ＼ Week♬ &br;◇◆◇◆◇◆◇◆&br;화창한한주"/>
		<TM name="박카스 먹고 힘내" content=" [&slsh;&slsh;&slsh;&slsh;] &nbsp;1일1회&br;[______] 복용&br;[박카스] 먹고&br;[------] 오늘도&br;[______] 힘내!"/>
		<TM name="21c최대의발견" content="21c최대의발견☞ 큰생각이큰사람을만든다☜오늘하루도최고의하루되시길바랍니다"/>
                <TM name="기상" content="&br; &nbsp; &nbsp; &nbsp;○&br;~~~~~~~~~&br;새해가중천에있다&br;그만 퍼 자고&br;빨랑 일라라~!"/>
		<TM name="전화해~~빨랑!!!" content="☎☎☜☜전화빨랑해죠~~급해&br;새해 첫전화줘~&br;!!!!!!!!!!"/>
	</FD>
	<FD name="슬픔">
		<TM name="오! 병팔이" content="700-오!병팔이!음악메세지도착이용료는분당50만원입니다.원치않으시면제가전화겁니다"/>
		<TM name="떠나라.. " content="열심히일한당신떠나라~!내친구는그렇게짤렸다ㅠ.ㅠ그러니까열씨미일해..짤리지말고.."/>
		<TM name="여인천하" content="이문자를읽지마시오...읽지말라고하지않았소~~~~~어허~!당장폰닫지못할까~~?!"/>
		<TM name="세상은.." content="세상은포기하라고있는것이아니야..세상은우리에게도전하라고말하고있거든포기하지말아"/>
		<TM name="이별보다더두려운건....." content="당신과의이별은그다지슬프지않지만나당신을영원히미워하게될까봐그게두렵습니다.▶★"/>
                <TM name="엇갈린사랑T.T" content="나는너를사랑하지만사랑할수없고..너는나를사랑할수있지만사랑하지않는다..."/>
                <TM name="힘들어..." content="사람에겐감당할수있을만큼의시련만이주어진대..하지만때론감당하기어려운일도있나봐.."/>
		<TM name="이젠..." content="지쳐 쓰러져 가는이 슬픔..당신도 알았으면 좋겠습니다..."/>
                <TM name="삼성카드패러디" content="제친굽니다.능력있는 넘이져.......&br;문자를 받기만하고보내지는않습니다."/>
		<TM name="**당신은나의세계**" content="당신은나의세계,나의숨결,나의움직임우리사랑에끝이온다면그건나의세계의종말입니다"/>
		<TM name="잊을수있을까?" content="어떻게해야널잊을까??하루하루길어지는내그림자를보다가눈물젖은베개를베구잠들어.."/>
		<TM name="위로.." content="내.자신이비참해..&br;내.자신이넘싫어..&br;내옆에..나를위로해줄 그런사람..어디없을까?"/>
		<TM name="미안해요" content="미안해요암것두할수없는날당신에게는암것두해줄수가없어요_단지그대를향한나의마음뿐"/>
		<TM name="로즈데이의 이별" content="@),\'** # ㅡ\',(Q&br;가시덩굴 장미와 백장미가 만나자 백장미는 빨강장미가 되었더래요."/>
                <TM name="행복해야해.." content="돌아오지않을거란걸알면서도기다리는나..정말바보가타..하지만잊을수없어..행복해야돼"/>
		<TM name="이별.." content="당신을잃은슬픔보다더슬픈건변해버린제모습입니다당신을영원히사랑하지못해죄송합니다"/>
		<TM name="안녕,," content="안녕이란..말은..헤어짐이아닌다시만나기위한약속일거야..그치??그렇지??..........."/>
		<TM name="슬픈사랑" content="말할수도표현할수도없는내사랑..이대로널보면서내맘도..접어야하나보구나..보고싶다.."/>
                <TM name="너의 죄를 사하노라" content=" &nbsp; &nbsp;●&slsh; &nbsp;○&br; &nbsp; &nbsp;■ &nbsp; &nbsp; &nbsp;□&br; &nbsp; &nbsp;∏ &nbsp; &nbsp; &nbsp; ∏&br;*..*..*..*..*..*&br;너의죄를사하노라"/>
		<TM name="패러디..." content="그녀의자전거가내가슴속으로들어왔다.....................죽는줄알았다"/>
		<TM name="니 오바다!" content="니!!!!!!!오바다&br; &nbsp;○ %%%%%%&br; &nbsp;┃d&equ;＾＾&equ;b&br; &nbsp;┃( &equ;&equ;&equ;&equ; )&br; &nbsp;○━━━━"/>
		<TM name="하이마트 패러디" content="시간좀내주오갈데가있오거기가어디요저기은행아니그럼지금은행털잖얘기좋아요딱걸렸네"/>
		<TM name="여인천하" content="이문자를읽지마시오...읽지말라고하지않았소~~~~~어허~!당장폰닫지못할까~~?!"/>
		<TM name="축복의돌은 던져다오" content="이제뒤돌아서떠나련다찢어진내가슴에그나마남은미련으로축복의돌은던져주겠니?"/>
                <TM name="우산.." content="♡♡ &nbsp; * &nbsp; ♡♡&br; &nbsp;♡ &nbsp;*** &nbsp;♡&br; &nbsp; &nbsp; *****&br; &nbsp; &nbsp; &nbsp; J&br;당신의 우산이 되어 드릴게"/>
		<TM name="사랑" content="사랑은늘떠난뒤에야얼마나소중했고컸음을깨닫는거같습니다..."/>
		<TM name="미안해요" content="당신에게해드릴 수있는것이없어 당신을사랑하지 못합니다.내속에당신밖에없는데...."/>
		<TM name="눈물.." content="잊지마세요진정한사랑이란눈물닦아주는것이아니라눈물흐르지않게하는거예요..."/>
                <TM name="행복해야해" content="나는너를정말진심으로사랑햇는데..&br;내가싫으면.내가너를떠나가줄께..&br;행복해야해"/>
		<TM name="붙잡을껄" content="붙잡을걸그랬어..이렇게떠나보내고슬퍼할거였으면차라리붙잡을껄.."/>
	</FD>
	<FD name="용서사과">		
		<TM name="힘내친구" content="┏━━━━━━┓&br;┃♡힘내친구♡┃&br;┗━━━┳━━┛&br; &nbsp; &slsh;)&slsh;) ┃~☆&br;★(*'')"/>
		<TM name="힘내" content="내가 너의 든든한 백그라운드가 되어줄게 걱정하지마 힘내"/>
		<TM name="ㅇㅇ" content="받아줄꺼져??&br;다알아여&br;용서해줄꺼"/>
		<TM name="미안 손이 발됐슈~" content="미안해~손이발이되도록빌께.. 어?&br;손이발됐다어휴~&br;발냄시~자갸용서해주는고쥐?^^"/>
		<TM name="미안~" content=".*' '*. と∞ つ&br;*love*@&gt;-(^-^*)&br;'*...*' &nbsp; ○○&br;이꽃받구 좋은하루보내야해~♡"/>
                <TM name="미안해 용서해 줄꺼지?" content="▤ㅣ 안 ㅎ ㅐ&br;(())(())&br;( ㅜ,ㅜ)&br;( &gt; &nbsp;&lt; )&br;용서해 줄꺼지?"/>
                <TM name="용서" content="() () &nbsp;~♥&br;(^.~)&br;정말 미안했어~&br;용서해줘~!"/>
		<TM name="♡ 싸우지말자" content="☞☜☞☜☞☜☞☜우리서로싸우지말자싸우면서로맘속에상처만생기잖아사이좋게지내자^^"/>
                <TM name="앞으로 더" content="나에대한 오해가 풀린것만도 다행인걸~앞으로 더 잘지내면 되잖아^^"/>
		<TM name="사과의 뽀뽀 ^^" content=" ))))) !!!!!&br;@ ^ ^ @ + + @&br;( &nbsp; &nbsp; 3 &nbsp;0 &nbsp;)&br;&br;미안해~용서해줘"/>
		<TM name="미안해! (T.T)" content="(-.-)(-.-)&equ;열♨&br;( ..)(.. )&equ;눈치&br;(&gt;.&lt;)(&gt;.&lt;)&equ;반성&br;(^.~)(^_^)&equ;화해&br;미안해~"/>
		<TM name="미안해 친구야" content="^oooooooooo^&br;입이열개라도&br;할말없음ㅜ.ㅜ&br;미안해친구야"/>
		<TM name="고백&amp; 사과^^" content="★★★★★★★★&br;내가 네 앞에 섰을&br;때 너에게 다가설 수 있게 조금 용기&br;를 줘!"/>
		<TM name="ㅠ.ㅠ" content=" &nbsp;▒▒▒▒▒▒&br;ㅠ.ㅠ 미안해오빠&br;제발 화풀어. &br;오빠만♡해..쪽~&br; &nbsp;▒▒▒▒▒▒"/>
                <TM name="치료해줄께" content="****************&br;☆-&lt;[■■■[&equ;| &br;****************&br;당신의아픔을치료해주구시퍼~"/>
		<TM name="내가 있잖아~" content="울쩍한날(-.-)눈을크게뜨고(@.@)(.. )( ..)주위를둘러봐(^^)웃고있는 내가 있잖아~"/>
		<TM name="부모님에게 안부전화를" content="마음은 항상 부모님과 함께 하지만 ☎ 못드려 죄송♤사랑합니다♬♪♬♪⊙◇⊙"/>
		<TM name="기다림...(용서)" content="☎를기다리는데~!☏가않오네.........&br;나 오빠기다릴수있어!기다리는거이젠쉬워졌어!"/>
                <TM name="미난해!" content="※⊙⊙※ &br; &nbsp; ☏&br;미안해 전화로 이야기해서! 나 너 ♡하는거알지?"/>
		<TM name="반성중" content=" &nbsp;@ &slsh;&slsh;&slsh;∧ @&br; ┗(ㅡ.ㅜ)┛&br; &nbsp; ┃ @ ┃&br; &nbsp; ◎ &nbsp; ◎&br;반성중함봐주라.."/>
		<TM name="마음치료밴드" content="(:::[]:::)밴드1&br;(:::▒:::)밴드2&br;(:::♡:::)밴드3(:::&equ;&equ;:::)밴드4&br;마음상처에붙여"/>
		<TM name="사탕먹구화풀어11" content="&gt;(000)&lt;박하사탕&br;☆☆☆☆별사탕&br;⊙⊙⊙⊙눈깔사탕&br;다아너줄께화풀어화풀꺼지?"/>
		<TM name="사랑의 밴드..." content="나때문에 마음 많이 아펐지? 자 이거 (▒[]▒) 붙이면 더이상 아푸지 않을거얌.미얀♡"/>
		<TM name="좋은선물은용서" content="가장큰실수는포기하는것가장어리석은것은결점만찾아내는것그러나가장좋은선물은용서♥"/>
                <TM name="미안해" content="영어부터읽어요♡&br;ME 위해서...★★&br;AN 녕이라고.☞☜&br;HAE줄래?....♥♥&br;진심이댜"/>
                <TM name="너의죄를사하노라" content=" &nbsp;● &slsh; ○ &nbsp; &nbsp; &br; &nbsp;■ &nbsp; &nbsp; □&br; &nbsp;∏ &nbsp; &nbsp; ∏&br;*..*..*..*..*&br;너의죄를사하노라"/>
		<TM name="김밥먹어!" content="⊙⊙⊙⊙ &nbsp;김밥▲▲▲▲삼각김밥▣▣▣▣사각김밥☞♨☜따뜻한커피이거먹구화풀어^^;"/>
		<TM name="나쁜지지배~~" content="오늘연락이안되네.아침에전화한다구해놓구..하지두않구..약속두안지키는나쁜지지배"/>
                <TM name="미안~" content="━━ &nbsp; &nbsp; &nbsp; &nbsp;━━&br;* &nbsp; &nbsp; &nbsp; &nbsp; &nbsp; &nbsp; &nbsp; &nbsp; *&br;┗━━━━━┛&br;씨~익웃어 글구미안~"/>
		<TM name="용서해줘" content="미얀~미얀~*.*;;&br;내가잘못해쪄~한번만용서해줘~잉&br;쟈갸~앞으로이따만큼더사랑할게."/>		
	</FD>
	<FD name="유머">
		<TM name="┏온천의 광고┓" content="온천입구의 광고&br;♨피부병에특효♨&br;탕안에들어갈때&br;♨피부병환자출입금지♨"/>
		<TM name="☆개미의 집주소..★" content="개미네 집 주소는 우딜까??&br;마치면♥해주께...&br;[허리도 가늘군&br;만지면 부러지리]"/>
		<TM name="강아지 살려.." content="오늘은 복날-_-*&br;.&br;.&br; &nbsp;V⊙⊙V 강아지&br; ＼(●)&slsh; 살려~&br; MMMMMMMM"/>
		<TM name="거울이행시" content="거:울아.내몸매 &nbsp; &br; &nbsp; &nbsp;어때?? &br;울:랄라,임신하셨&br; &nbsp; &nbsp; 어요??&br; &nbsp;ㅎㅎㅎㅎㅎㅎ"/>
		<TM name="개구리가.." content="개구리가 낙지를 먹으면 어떻게 되나??....................................깨구락지"/>
                <TM name="나만봐" content="나만봐나만봐나만봐나만봐제발나만바라봐줘나만봐줘제발나만보라니까왜액정봐ㅡ.ㅡ+"/>
                <TM name="나무젓가락의비밀" content="당신의옷을벗겨 다리를벌려..... 비비고싶습니다...................나무젓가락"/>
		<TM name="난 다알어^^*" content="넌나밖에모르지?.................................................난 가나다 다알어"/>
                <TM name="낯선향기" content="낯선여자에게서&br;내남자의 향기를 느낀다.를 5자로?&br;.&br;.&br;.&br;.&br;.&br;.혹시이년이..??"/>
		<TM name="너 남자랑 해봐써??" content="너................&br;남자랑해봤냐??&br;.......................&br;난 내자랑만 해~~~~~"/>
		<TM name="너의 입술에 쪽.." content="너의 입술에쪽....&br;.....................................팔리게밥풀붙었다."/>
		<TM name="넌 이쁜 천사^^" content="넌이쁜 천~사!!..&br;...............................................&br;난 재봉틀 살께!"/>
		<TM name="배고푼너에게~" content="배거프지..?&br;내가 열달동안 배부르게 해줄께!!"/>
		<TM name="넘 졸려~" content="(&equ;_&equ;~) 요리보고(~&equ;_&equ;) 저리보고&br;(&equ;_&equ;)~ 암만봐도~(_ _)~ zZZ~&br;넘 졸려여~!ㅠ_ㅠ"/>
                <TM name="님향한맘(고스톱버젼)" content="이몸이죽고죽어광팔고고쳐죽어홍단이청단되어피박이있고없고쓰리고향한맘가실줄있으랴"/>
		<TM name="똥꼬 시리즈~!" content="그냥똥꼬&nbsp; ( Y )&br;매맞은똥꼬 (&equ;.&equ;)&br;힘준똥꼬&nbsp; ( * )&br;다싼똥꼬&nbsp; ( I )&br;&br;웃기지?*^^*"/>
		<TM name="똥침! 실시간" content="엉덩이 조준 발사&br; &nbsp;&slsh; ) &nbsp;&br; &slsh; &nbsp;) &nbsp;◀◀◀ ☜&br;&br;명중~!!&br;%ㅡ,.ㅠ%"/>
		<TM name="마시마로귀신" content="마시마로귀신이다&br;~ &slsh;) &slsh;)&br;~(ㅡㅡ) 애비~&br;~(づ づ 무섭지~?"/>
		<TM name="마지막 경고장" content="-마지막경고장&br;귀하는수차례사랑한다는내맘을받고도모른척하기에강제키스절차를통보함"/>
		<TM name="메롱." content=" &nbsp; &nbsp; _ _&br; &nbsp; :⊙.⊙:&br; &nbsp; ☞ ひ☜&br; &nbsp; &nbsp;메~롱"/>
		<TM name="메롱.." content=" ♬&slsh;&slsh;ㅡ&slsh;&slsh;ㅡ＼＼&br; &nbsp; q ⊙ ⊙ p♪&br;☞(&quot;&quot;┬┬┬&quot;&quot;)☜&br; &nbsp; &nbsp; └─┘&br;바보야!메렁메렁"/>
		<TM name="사기.." content="나.....사기당했어..콘프로스트를먹었는데..호랑이힘이 솟아나질 않아..ㅠㅡㅠ"/>
		<TM name="사랑했기에." content="사랑을전하지못하고..떠나야합니다.그사랑잊지않겠습니다...............초코파이 정"/>
		<TM name="사이다로삼행시" content="-사이다삼행시-&br;사 : 랑해&br;이 : 제우리사귀자&br;다 : ..구라야~~!!!&br;^^;;;;;"/>
                <TM name="생일빵" content="갓난아기의 엉덩이를 왜 때리는줄 아니?...&br;...............&br;....생일빵이야"/>
		<TM name="오늘나어때?" content="나!섹시해?우~후!&br;너!반했지?알~아!&br;나!이뽀여?오~노!&br;너!사랑해?예~스!&br;^^"/>
		<TM name="우산이행시" content="우산이행시&br;우:우리집앞에서최지우가연기를한다.&br;산:산혁아.이러지마.산혁아.*^^*"/>
		<TM name="이거받음열받겠다" content="▶축하드립니다◀고객님께서는이번이벤트에 당첨되셨습니다..&br;◆번개통신구라텔"/>
                <TM name="이숭신~^^*" content="한산섬달밝은밤에통시에홀로않아휴지옆에차고아랫배를통통두드리니뿡두두내떵인가하네"/>
		<TM name="ㅋ ㅑㅋㅑㅋ ㅑ" content="새파랗게어린넘&br;들을 세자로?&br;.........................................스머프"/>
	</FD>
	<FD name="종교">
		<TM name="주님" content="주님을생각할때면제마음안에갇힌어두운그림자가맑게 걷히옵니다.."/>
		<TM name="한알의 믿음" content="한알의밀알이땅에서떨어져죽지않으면한알인채로남는다. 그러나죽으면많은열매를맺는다"/>
		<TM name="요한복음" content="친구를위해자기생명을버리는것보다 더큰사랑은없다.&br; &nbsp; &nbsp; &nbsp; -요한복음"/>
		<TM name="아멘" content=" &nbsp;■ &nbsp;주님안에서&br;■■■ &nbsp; 항상&br; &nbsp;■ &nbsp;평안하기를&br; &nbsp;■ &nbsp; &nbsp;*아멘*"/>
		<TM name="같이기도해요" content="*:*:*:**:*:*:*:&br;*: &slsh;)&slsh;) &nbsp;((＼:*&br;*:(&equ;..) (..&equ;):*&br;*:( づ†て &nbsp;):*&br; &nbsp;같이기도해요"/>
		<TM name="주님의 사랑" content="*띵동띵동*주님의사랑이배달되었어요오늘하루주님의사랑가운데승리하시구행복하세요"/>
		<TM name="그리스도의향기" content="당신은그리스도의향기..세상에나가전해요.그리스도의향기가온세계에퍼질때까지☞♡☜"/>
		<TM name="오늘." content="주님오늘내가만나는사람한사람한사람을내가처음만나는사람처럼기대하며대하게하소서.."/>
		<TM name="벗을 사귐" content="벗을사귐에있어베풀어줌을더욱훌륭하하며벗을사귐에있어말과행동이성실하도록하라"/>
		<TM name="사랑하는자여" content="사랑하는자여네영혼이잘됨같이네가범사에잘되고강건하기를내가간구하노라요삼1:2"/>
		<TM name="샬롬" content="당신이 어디에있든지 무엇을하던지...매순간주님은당신과 함께 하십니다. -샬롬-"/>
		<TM name="언제나 함께" content="하나님께서는 언제나 당신과 함께 계시고 항상 당신을 생각하십니다."/>
		<TM name="탐욕이라함은" content="탐욕이라함은모든일을상도에벗어나서,과히취함을이름이니라♡"/>
		<TM name="원불교-수행" content="무슨일이든지잘못된일이있고보면남을원망하지말고자기를살필것이요♡"/>
		<TM name="대종교-경일의종경" content="운이굳건하고때도 왕성하여시도하는 바가모두적중하며 이웃이화평하고.."/>
		<TM name="마태오복음" content="내가 너희를 사랑한것처럼 너희도 서로 사랑하여라."/>
		<TM name="십자가지고" content="즐거운마음으로십자가지고가라네가 기쁘게십자가지고 가면슬픈마음이위로받네.."/>
		<TM name="잠언 1:22" content="어리석은자들은어리석음을좋아하며거만한자들은거만을기뻐하하니어느때까지하겠느냐"/>
		<TM name="십자가사랑" content="■■□■■주님의&br;■□□□■십자가&br;■■□■■사♡랑&br;■■□■■ *^^*"/>
		<TM name="순간마다" content="날마다숨쉬는순간마다내앞에어려운일보내주님앞에이몸을맡길때♡슬픔없네두려움없네♬"/>
		<TM name="할렐루야" content="비에감사하는나무들처럼성령의단비로내영혼에도새생명..♧오늘도감사~할렐루야!"/>
		<TM name="그리스도의 향기" content="당신은그리스도의향기입니당^^세상에나가전해요..그리스도의향기가온세계에퍼질때까지...☞♡☜"/>
		<TM name="요삼1:2" content="사랑하는자여네영혼이잘됨같이네가범사에잘되고강건하기를내가간구하노라요삼1:2"/>
		<TM name="오늘도 찬양하라~" content="해가뜨는아침에주를찬양하리♪햇빛찬란한낮에주를찬양하리♬~^^~오늘도찬양으로승리♡"/>
		<TM name="할렐루야!복이 있도다" content="할렐루야  여호와를 경외하며 그 계명을 크게 즐거워하는 자는 복이 있도다 시112:1♥"/>
		<TM name="주님.." content="주님오늘내가만나는사람한사람한사람을내가처음만나는사람처럼기대하며대하게하소서.."/>
		<TM name="참 사랑" content="信望愛有而恒常&br;其中第一而愛也&br; 고린도전서&br; &nbsp; &nbsp; 13章13節"/>
		<TM name="지혜에 장성한 사람이 되라" content="지혜에는아이가되지말고악에는어린아이가되라지혜에장성한사람이되라!(고전14:20)샬롬"/>
		<TM name="은혜없인못살아..." content="저희 년변에서는 주일날예배안가는곤감히상상두못함다,고저은혜없인 하루도못삼다!^.^"/>
		<TM name="불교" content="일체중생이한몸임을알아내몸같이할것이며자비심으로화합할지언정미워하고비난하지말라"/>		
	</FD>
	<FD name="좋은글">
		<TM name="행복찾기" content="내가편안할때그누군가가불편함을느꼈을것이고내가불편할때누군가가잠시편안함을느낄.."/>
		<TM name="힘내라 힘!" content=" &slsh;)&slsh;) &nbsp; &nbsp; &quot;&quot;*&br;(*^c^) &nbsp; &nbsp;&slsh;&br;▒☞얍!▒☞ㅡ*&br;(@)_(@) &nbsp; &nbsp;＼&br;힘찬한주되랏!*"/>
		<TM name="해바라기" content=" ▶◀ &nbsp;해바라기&br;▼. .▼처럼~&br;▲ 0 ▲싱그러운&br; ▶◀ &nbsp;하루가&br;♧ㅣ♧ 되길...!"/>
		<TM name="넌..." content="니가이세상에올때하늘에선 엄청많은비가내렸을거야~^^ 넌....천사였기때문에~!!^^*"/>
		<TM name="톨스토이" content="♡사랑은그것이자기를희생시킬경우에만사랑이라고할 수있다[톨스토이]"/>
		<TM name="인연" content="가까이에있는사람에게소홀히하지마세요당신을만나기위해천번을환생했을지두모르니깐요"/>
		<TM name="힘내세요!" content="당신이힘들고지칠때항상내가당신곁에서함께한다는것당신은혼자가아니예요 ~화이팅 ! !"/>
		<TM name="반달" content="반달은혼자밤하늘을밝혀두외롭지않대. .보이진않아도항상그옆을지켜주는반쪽때문이래!"/>
		<TM name="웃음전송중~" content="당신에게로웃음을전송중...&br;■■■■□80%&br;웃어줄꺼지??^^"/>
		<TM name="최고가 되려면" content="최고에도달하고하고싶다면최저부터 시작하라. &br; &nbsp; &nbsp; &nbsp; &nbsp; -실스"/>
		<TM name="말을 할때는" content="말을할때는짧게하라.말이길면아무도주의를기울여주지않는다.&br; &nbsp; &nbsp; -세르반테스"/>
		<TM name="인간은 돈을" content="인간은돈을상대로하여사는것이아니다. 인간의상대는 항상 인간이다.&br; &nbsp; &nbsp; &nbsp; &nbsp; -푸슈킨"/>
		<TM name="미래는 현재의" content="미래는현재에의해 얻어진다. 오늘은 어제의시작이다.. &br; &nbsp; &nbsp; &nbsp; &nbsp;- T.풀러"/>
		<TM name="행운은 마음의" content="행운은마음의준비가있는사람에게만 미소를짓는다.. &br; &nbsp; &nbsp; &nbsp;- 파스퇴르"/>
		<TM name="현명한 사람" content="현명한사람은그가 발견하는이상의많은기회를만든다.. &br; &nbsp; &nbsp; &nbsp; &nbsp;- 베이컨"/>
		<TM name="좋은하루" content=" .*'*()()*'*.&br; * &nbsp;(*^-^) &nbsp;*&br; '*해▶◀피*'&br; &nbsp; '*.♡.*'&br; 『좋은하루』"/>
		<TM name="즐거운 하루~" content="|* s▶@◀s &nbsp;|☆&br;| S(*^-^*)S |+&br;|--○---○--|☆&br;☆즐거운 하루 ★&br; &nbsp;+보내세요+"/>
		<TM name="시계" content="시계바늘처럼바늘&br;의길이움직이는속도도다르지만..서로잡은손놓지않는그런사이이길♡"/>
		<TM name="행복" content="사랑과성공을만들어가는내님그대의향취는나를존재케해온세상을가진것처럼넘행복해~♥"/>
		<TM name="씨익~" content="━━ &nbsp; &nbsp; &nbsp;━━&br;* &nbsp; &nbsp; &nbsp; &nbsp; &nbsp; &nbsp;*&br;┗━━━━━┛&br; 힘들어?&br; 씨~익하구웃어봐"/>
		<TM name="친구란," content="친구는자유라는말에서유래되었는데쉴말한공간과자유로움을허락하는사람이바로친구래♡"/>
		<TM name="즐거운말" content="웃음이있는행동은사람을즐겁게하고진실이있는행동은사람의마음을즐겁게한대요...*^^"/>
		<TM name="행복도착" content="★띵동띵동★ ♡행복♡이라는문자가도착했습니다오늘하루당신이행복하길~~♬^-^"/>
		<TM name="과일처럼" content="과일처럼달콤한하루햇살처럼따뜻하루바람처럼시원한하루당신의맘처럼넉넉한하루이길.."/>
		<TM name="박카스" content=" [&slsh;&slsh;&slsh;&slsh;] &nbsp;1일1회&br;|______| 복용&br;|박카스| 먹고&br;|------| 오늘도&br;|______| 힘내^^"/>
		<TM name="어린왕자" content="b612호 성의반짝임이그리움으로다가오는건어린왕자를향한장미한송이의사랑이겠지요.."/>
		<TM name="Dream" content="어제의꿈은오늘의 희망이고내일의실현입니다..항상꿈을가지고살아가세요~♡"/>
		<TM name="새벽이슬" content="새벽이슬을맞으며너에게로날아가는보잘것없는문자하나로너의하루가행복했음좋겠어!!"/>
		<TM name="마음은" content="마음은보는것이아니라느끼는거래요소중하면할수록더따뜻한거래요.."/>
		<TM name="관심은.." content="우리에게필요한것강렬한사랑많은돈빛나는명예가아닙니다그것은서로를위한*관심*입니다"/>																				
	</FD>
	<FD name="칭찬축하">
		<TM name="고맙다친구야~" content="죽을만큼힘들어도&br;내가살수있는이윤너같은친구가있기&br;때문이야..고맙다&br;내친구야~"/>
		<TM name="생일축하1" content=" ☆ &nbsp;* * * &br; &nbsp; &nbsp; | | | &nbsp; ☆&br; &nbsp;♡[~~~~~]♡&br;♡[~~~~~~~~~]♡&br; &nbsp;생일 축하해♪"/>
		<TM name="친구야사랑해!" content="친구는찾는게아니라뒤돌아보면언제나그자리에있는거래..나도너의뒤에있을게..☆"/>
		<TM name="오랜친구" content="천년에한번노는개미가있습니다그개미가초특급양아치가될때까지전당신의이뿐친구입니다"/>
		<TM name="좋은친구" content="**하*사*조*으**&br;**ㅇ*ㅇ*ㅎ*ㄴ**&br;**치*구*되*께**&br;**ㄴ* * *ㄹ* * * "/>
		<TM name="생일축하2" content="＼(^▽^)&slsh; (^0^*)&br; &nbsp; iiiii &nbsp;생일&br; [HA☆PPY] 추카&br;[※.※.※.] 해&br; [BIRTH♡]"/>
		<TM name="생일축하3" content=" &nbsp; &nbsp;_iiiii_&br; &nbsp; [_happy_]&br; &nbsp;[_*_*_*_*_]&br; [_birth-day_]&br;[_#_#_#_#_#_#_]"/>
		<TM name="생일축하4" content="☆♬ iiiii ※ @&br; &nbsp;` ♡[~~] &nbsp;~%&br; &nbsp;♪~[*`*`*]☆*&br; &nbsp;? [^^^^^^^] ♡&br; ▶생일추카◀"/>
		<TM name="수호천사" content=" &nbsp; ▷◁ ☆너만을&br;∧( &nbsp;‥)&slsh; 위한수&br; &nbsp;(-⊃⊃ 호천사&br; &nbsp; ∪∪**!야!&br; 늘널지켜줄께"/>
		<TM name="안전운전" content="&equ;오늘도안전운전&equ;&br; ┌─┐&br;┌ □□┐&br;└⊙-⊙┘&equ;3&equ;3"/>
		<TM name="행복하세요~" content="창밖으로비춰지는햇살에★행복★을실어당신께보내드립니다!(^-^)항상행복하세요!^^*"/>
		<TM name="밥 마니먹어~!" content=" &nbsp; ( ( &nbsp; &nbsp; 밥&br; &nbsp; ) ) &nbsp;마니먹어&br;.*&quot;&quot;&quot;&quot;'^&quot;&quot;^*.&br;┣━━━━┫O--&br;┗--------┛∋-"/>
		<TM name="보약먹구 힘내!" content=" ┏━━╋┓ 빨대&br; ┃▒▒▒┃ 꼽은&br; ┃▒▒▒┃ 보약&br; ┗━━━┛&br;힘내요~힘! ^ㅡ^"/>
		<TM name="힘내!" content="o(ㅜ^ㅜ)o우앙또&br;한주의시작이당~&br;힘들더라도두손&br;o(-''-)o불끈!쥐고힘내야해^_^"/>
		<TM name="활짝~" content="(*^_^*)이께~&br;(*^o^*)이께~&br;(*^________^*)&br;이~께~우슬수있는오늘되길~~"/>
		<TM name="화이팅!" content="-(^o^)&slsh;하나둘!&br;&slsh;(^o^)-으싸으싸!&br;더위에짜증내말구&br;오늘하루도화이팅&br;^_^)!"/>
		<TM name="덥지??" content="(( ▼ ~~ ~~ ~~&br; ▶⊙◀ ~~ ~~&br; &nbsp; ▲ )) 덥지?&br; &nbsp; II &nbsp;you를위해&br; [*^^*]준비했어"/>
		<TM name="아이스크림!" content=" &nbsp;☆ &nbsp; &nbsp;널위한&br; (__) &nbsp; 아이스&br;(____) &nbsp;크림야&br; ▒▒ &nbsp; 맛있게&br; &nbsp;▒ &nbsp; &nbsp;먹어"/>
		<TM name="더위조심~" content=" ＼ㅣ&slsh; &nbsp;&br;ㅡ ○ ㅡ &nbsp; ハハ&br; &slsh; ㅣ ＼ &nbsp;(''ㆀ)&br;날씨가넘넘더워!!&br;더위먹지않게조심"/>
		<TM name="행복배달" content=" &nbsp;* 띵동띵동 *&br;배달왔습니다^^행&br;복이란선물이배달되었습니다오늘하루행운이가득하길"/>
		<TM name="수호천사~" content="이문자를볼때켜지는작은불빛처럼당신의마음속에작은빛이되어항상당신을지켜드릴게요♥"/>
		<TM name="좋은하루~" content="(^▽^)&slsh;(*^0^)&slsh;♡&br;♡(*^^)♬(^^*)&slsh;&br;항상웃을수있는여유로건강하구행복한하루보내~♬"/>
		<TM name="클로버" content=".*```* *```*&br;`*,,,* :` &nbsp;,*`&br; &nbsp;*`` `:``*``*&br; &nbsp;`,,*`!`,,,*`&br; &nbsp; &nbsp; &nbsp; !&br; &nbsp; &nbsp;행복~♡"/>
		<TM name="보고싶어" content="*┭ㅡ┮ &nbsp;┭ㅡ┮*&br; ㅣ &nbsp;ㅣ▽ㅣ &nbsp;ㅣ&br; ┏ㅡㅡㅡㅡㅡ┓ &nbsp;&br; *앙~보고싶어*&br; &nbsp; &nbsp; &nbsp; ♡"/>
		<TM name="홧팅!" content="⊙∽⊙ ⊙▶◀⊙ &br;(*^-^)(*^^*)&br;(&quot;)x(&quot;)(&quot;)x(&quot;)&br;4월내내좋은일만&br;생길꺼야~홧팅♬"/>
		<TM name="모닝콜~" content="(&slsh;O＼) 눈곱때고&br;＼(^0^)&slsh;기지게&br;(*&gt;.&lt;)눈함비비고&br;$(*^0^)&slsh; 퍼뜩정신안차리나!"/>
		<TM name="굿나잇~ ^^" content="＼☆+＼☆+＼☆+&br;☆+ ＼☆+＼☆+＼&br;＼☆+＼☆+＼☆+&br;☆+＼☆+ ＼☆+＼&br; &nbsp; GOOD NIGHT"/>
		<TM name="Happy~☆" content="☆ &nbsp;╋ ☆ &nbsp;☆&br; ☆&slsh;▦＼ ☆ ☆&br;☆ | &nbsp;| &nbsp; ~♬&br;___|∩|__&amp;&amp;___&br;늘행복하세요*^^*"/>
		<TM name="오늘의 운세" content="★오늘의 운세★&br;뜻밖의 귀인에게문자을받고 웃으니 좋은일만생기겠다!! ^_____^"/>
		<TM name="이쁜토끼" content=" &slsh;)&slsh;)&br;(^.^)&br;( &nbsp; &nbsp;)이쁘지&br;내가 만들었어~!"/>
	</FD>
	<FD name="코믹엽기">
		<TM name="버섯이야기" content="&quot;☆야한버섯☆&br;어느날 여자친구버섯을 으슥한 곳으로 끌고가더니.&br;.&br;.&br;버 섯 &nbsp;^^;&quot;"/>
		<TM name="속았지롱~~~" content="&quot;700-5424에서 음악편지가 배달됐습니다.노래제목은..........^^;&br;&quot;so got ji rong&quot;"/>
		<TM name="이런친구" content="난너에게이런친구가되고싶어................너가하수구에빠졌을때뚜껑닫아주는친구"/>
		<TM name="붉은악마" content="┏↖━━↗ ┓&br;┃ ━ &nbsp;━ &nbsp;┃&br;┃&amp;┳┳┳&amp; ┃&br;┗ ┗━┛ &nbsp;┛&br; &nbsp; 붉은악마~"/>
		<TM name="밥을 사지그랴~~" content="(^○^)짝짝짝짝&br;밥사는문자에당첨되셨습니다.거부하시려면통화버튼ㅁ을 눌러주세여"/>
		<TM name="열심히 일한 당신" content="열심히 일한당신!!&br;떠나라~&br;그렇게 내친구는 짤렸다"/>
		<TM name="뭘 째려봐~~~" content="&br; &nbsp; &nbsp; &nbsp; ◐◐&br; &nbsp; &nbsp; &nbsp; ☞☜&br; &nbsp; &nbsp; &nbsp; &nbsp;▲&br; &nbsp;뭘째려봐..우씨"/>
		<TM name="월드컵 과장!" content="(^0^)난!대한민국 대표과자~!!&br;┌──┐☜(-.- )&br;│16깡│ 16깡만└──┘먹어ㅋㅋ"/>
		<TM name="16깡~대표과자" content="(^O^)난!대한민국&br;대표과자~!&br;- - - - ☜ ^^&br;l 16깡 l &nbsp;16깡만&br;- - - - &nbsp; 먹어~"/>
		<TM name="16강응원^^" content="↖(^^)↗↖(^^)↗&br;↖(^^)↗↖(^^)↗&br;↖(^^)↗↖(^^)↗&br;&br; 대~~한 &nbsp;민! 국!"/>
		<TM name="코파는친구" content="(ㅡ▽ㅡ)a너모해?&br;(ㅡ.aㅡ)코파&br;'a(ㅡ,.ㅡ)톡&br;-_-;;디러하지마&br;(ㅡ,.ㅡ)ㅗ 시로"/>
		<TM name="용기내서말한다.." content="아직너무이르다는거알아..당황스럽겠지..용기내서말할께..........메리크리스마스^^"/>
		<TM name="이걸보면??" content=" ▲▲▲&br; (-.ㅡ )이걸보는&br;^( &nbsp; &nbsp; )^사람은&br;닭으로변한다.."/>
		<TM name="바보테스트.." content="오른쪽을보세요..☜☜☜☜☜☜☜☜☜☜☜☜☜☜☜☜☜☜☜☜☜☜바보왼쪽인데ㅡ_ㅡ;"/>
		<TM name="절대 욕아님.." content="씨바새까꺼저새까ㄴㄹㄱㄹㅁㅇㄱㄹ"/>
		<TM name="스트레스는 날려버려!!" content="┎--┑스트레스는&br;┃샌┃ &nbsp; &nbsp;●&br;┃드┃☜ㅡ■&gt;&br;┃백┃ &nbsp; &lt; ＼&br;┖--┚날려버려염"/>
		<TM name="폰깨지는소리!!" content="[폰깨지는소리가 도착했습니다]청취를원하시면폰을바닥에놓구마구밟아주세요~!"/>
		<TM name="바보~읽구 있냐??" content="쳅첸횻&amp;#51111;맡척닻짇 Q댓 &nbsp;a빤땃 &nbsp; 텬해밧났젊뱍덕 H I &nbsp; &nbsp; &nbsp;☞바버읽구있냐..(^ㅡ^;)"/>
		<TM name="한턱얻어먹기*^ㅡ^*" content="저주의문자가도착했습니다행운으로바꾸고싶다면'send'버튼을누르고술쏜다를외치세요"/>
		<TM name="낯선여자의 향기.." content="&quot;낯선여자에게서그남자의향기를느꼈다&quot;&quot;를 4자로??&br;.&br;.&br;.&br;.&br;딱! 걸렸어!!"/>
		<TM name="폭탄이다" content="귀하의단말기에폭탄이배달되었습니다폭탄을보시려면........거울을보십시오"/>
		<TM name="끄는사람많아여" content="귀하의단말기에치명적인오류가발생했습니다(WSX-4)&br;잠시전원을꺼주시기바랍니다.^^;;"/>
		<TM name="폭탄도착" content="* &nbsp; 폭탄도착 &nbsp; *폭탄이도착했습니다폭탄을보시려면그대의방에서혼자서거울을보십시요"/>
		<TM name="수박먹어" content=" &nbsp; &slsh;＼시원한&br; &nbsp;&slsh;. .＼수박&br; &slsh;. . . ＼♬&br;[■■■■■]&br; 맛있게먹어"/>
		<TM name="라면먹구 시포*^^*" content=" &nbsp; &slsh;)&slsh;) &nbsp; &nbsp; &nbsp; &nbsp; &br; &equ;( . .)&equ; &nbsp; &nbsp; &nbsp; &nbsp;&br;((&quot;&quot;)♨(&quot;&quot;) &nbsp; &br;^^^^^^^^^&br;후루~룩라면먹어"/>
		<TM name="토셔!!" content="여기!┏(ㆀ-_-)┛&br;┗(-_-ㆀ)┓저기!&br;잡히기전에토셔!!&br;┏( - _ - )┛"/>
		<TM name="월드컵~~" content="★월드컵이벤트★한국축구국가대표팀이골을넣을때마다 만원씩저에게주시면됩니다ㅋㅋ"/>
		<TM name="밥!!" content=" &nbsp; &nbsp;( ( &nbsp;밥&br; &nbsp; &nbsp;) ) 마니먹어&br; .*&quot;&quot;&quot;&quot;&quot;^*.&br;┣━━━━┫O--&br;┗--------┛∋-"/>
		<TM name="푸우우우~" content="푸:푸우는 변탠가&br; &nbsp; 봐~~&br;우:우뚜리만 입구&br; &nbsp; 다니자나^^;;"/>
		<TM name="딱걸려쓰~" content="낯선여자에게서내남자의향기느낀다를4자로는?&br;.&br;.&br;.&br;.&br;.&br;.&br;.&br;딱!걸렸어!!"/>
	</FD>			   
	<FD name="크리스마스">
		<TM name="21c최대의발견" content="21c최대의발견☞ 큰생각이큰사람을만든다☜오늘하루도최고의하루되시길바랍니다"/>
		<TM name="당신과함께" content="당신과함께나누고있다는느낌보다더좋은것이이세상에는아무것도없어요 ♥사랑합니다♥"/>
		<TM name="내가당신을사랑하는건" content="내가당신을사랑하는건당신께사랑을받기위함이아닌사랑을느끼는그대로의사랑때문입니다"/>
		<TM name="메리크리스마스" content=".',.'',*,.''.' &br;''.,.'***,.'','.'.,..*****'.,.'.,.'.*******,.'.&br;____&amp;&amp;_!!______"/>
		<TM name="OHOHOHOH" content="OHOHOHOHOH!!!&br;메리메리메리메리&br;크리스마스야요호&br;OHOHOHOHOH!!!&br;행복하셔야대요"/>
		<TM name="크리스마스" content="아직이르단걸알아당황해할줄도알알하지만말하고싶어&br;................&br;메리크리스마스"/>
		<TM name="메리크리스마스" content=" * ☆ * &nbsp; &nbsp; &nbsp; &nbsp; * ☆☆ * &nbsp; &nbsp; &nbsp; * ☆☆☆* &nbsp; &nbsp; &nbsp; *☆☆☆☆*&br; * ▣▣ *&br; 메리크리-*"/>
		<TM name="살앙햅" content="(..♧)( ..)&br; ☞☜♡☞☜&br;말안해두알지?&br;사랑해~♥"/>
		<TM name="^-^" content="(-▽-)a너모해?&br;(-.a-)코파&br;.a(-.,-)톡\&br;-_-;;디러하지마&br;(-.,-)ㅗ"/>
		<TM name="사랑하는 그녀와~" content=" _Π___＿&br;&slsh;____＿&slsh;~＼.◎.&br;｜田田｜門｜''&br;ⓘⓛⓞⓥⓔⓨⓞⓤ&br;행복한하루~♧"/>
		<TM name="하늘만큼 땅만큼" content="하느마크♥♥♥♥♥ㄹㄴㅁ♥따마크♥♥♥♥♥ ㅇㄴㅁ♥ㅅㅏㄹㅏㅎㅐ♥♥♥♥ㅇ♥♥♥"/>
		<TM name="오늘의운세는?" content="★★오늘운세★★뜻밖의귀인에게문자를받고웃으니좋은일만생기겠다!!웃음가득^^얍*^^"/>
		<TM name="메리크리스마스!!" content="※ &nbsp;╋ ※ &nbsp;※&br;※ &slsh;▦＼ ※ ※&br;※ | &nbsp; &nbsp;| &nbsp; ~♬&br; __|∩ &nbsp;|__&amp;&amp;___&br;MerryChristmas"/>
		<TM name="눈온당!!" content="。*。。。*。**。&br; ┗ &nbsp; ●! ㄷ┣。&br; &nbsp;┳ &nbsp; &nbsp; &nbsp; &nbsp;●。&br; ┗ 。* 。* &br;。** &nbsp; 。 *"/>
		<TM name="메리크리스..눈사람.." content="* * *_MMM_* * &nbsp; * *( ^ ! ^ ) * *&br;**( &nbsp; &nbsp;: &nbsp; &nbsp;)* *&br;MERRY CHRISTMAS"/>
		<TM name="우정의 하트" content=" &nbsp; .*&quot;&quot;*.*&quot;&quot;*.&br; &gt;&gt;&gt;&gt;--- &nbsp; *&quot;-&gt; &nbsp; &nbsp; &nbsp; &nbsp;&quot;*.*&quot;&br;친구야우정의하트 받아랏~"/>
		<TM name="불만있나?" content=" &nbsp; _ &nbsp; _ &nbsp; &nbsp; &nbsp; &nbsp; &nbsp; &nbsp;ご &nbsp;ご&br; &nbsp;( &nbsp;. O &nbsp;)&br;&br;어이~불만있나?"/>
		<TM name="즐거운하루" content="⌒∇⌒ &nbsp;즐겁구~ &slsh;(^0^)&slsh; 신나는~ 하루가 되었기를바래~~~~~~~!♧"/>
		<TM name="우체국" content="우체국에갔습니다싸움만하고왔지요내마음당신에게부쳐달라니깐그렇게큰상자가없데요"/>
		<TM name="약오르지.." content=" &slsh;| ━ &slsh;&slsh; ━ |＼ &slsh;&slsh;q ● &nbsp; &nbsp;● p＼ &nbsp;(┗┳━┳┛)&br; &nbsp; &nbsp;┃ㅣ┃&br; &nbsp; &nbsp;┗━┛메롱!"/>
		<TM name="마시마로귀신" content="마시마로귀신&br;~ &slsh;) &slsh;)&br;~(ㅡㅡ) 에비~&br;~(づ づ 무섭지!"/>
		<TM name="크리스마스 싫어!" content=" &nbsp;▲。 ▲。▲&br; (T.T)(^^)(^^)' '( : )( 8♡: ) 슬픔뿐인크리스마스..ㅡㅡ;;"/>
		<TM name="루돌프~" content=" &nbsp;☜------☞&br; &nbsp;&slsh;⊙ &nbsp;⊙ l&br; ●___&gt; &nbsp; l&br; &nbsp; &nbsp;▶◀&br;즐거운성탄절~♡"/>
		<TM name="메리크리스마스1" content="♡♡.:+☆:.♡♡&br; &nbsp;:+☆+::+☆:.&br; :+☆+:..:+☆+:&br;:+☆+:....:+☆+: &nbsp; &nbsp; &nbsp; ㅣㅣ"/>
		<TM name="메리크리스마스2" content="┏━┳━┓☆+&br;┃☆┃ +┃♡ &nbsp;+┣━╋━♡♡♡&br;┃★┃+♡♡♡♡&br;┗━┻━┛[]"/>
		<TM name="이쁜 트리1" content=" &nbsp; &nbsp;▶●◀&br; &nbsp;*&quot;Merry&quot;*&br;♡ X-Mas! ♡&br;★'★*♡*★'★&br;빨리왔음좋겠다^^"/>
		<TM name="이쁜 트리2" content=" &nbsp;★&br; ♥♥ ♬ Mrerry♥♥♥Christmas&br; &nbsp;■ &nbsp; *^_^*&slsh;♪"/>
		<TM name="이쁜 트리3" content=" &nbsp; &nbsp; &nbsp;★&br; &nbsp; &nbsp;◆◆◆&br; &nbsp;◆◆◆◆◆&br;◆◆◆◆◆◆◆&br;Merry ■ X-mas"/>
		<TM name="Happy day☆" content="★♡happyDay☆&br;()☆() &nbsp;()★()&br;(*^-^) &nbsp;(^.^*)&br;☆-○○**○○-♡"/>
		<TM name="눈온당^^" content="。~∧ ˚ 。∧~˚&br; &nbsp; *** &nbsp;˚ *** &br; @(∵)@ &nbsp;@(∵)@&br; ~{ &nbsp;⊃ &nbsp;⊂ &nbsp;}~&br;눈온당~ ^^"/>
	</FD>
</FD>
